Microsoft (R) Macro Assembler Version 6.14.8444		    03/24/03 15:24:01
Menu							     Page 1 - 1


					Page	43,132
					Title	Menu


					.286

				;******************************************************
				;*		 Menu Program			      *
				;*						      *
				;* This is an example of a menu program		      *
				;*						      *
				;*						      *
				;******************************************************



				;The following equate statements assign constants to the labels shown.
				;This makes the program more readable and will allow global changes to
				;the program to be mde more easily.

 = 0009				display_message		equ	09h	;DOS INT 21h function 9 (string output)
 = 0002				video_mode		equ	0002h	;BIOS INT 10h service 0, video mode 2 (80x25)
 = 000D				cr			equ	0dh	;carriage return
 = 000A				lf			equ	0ah	;line feed
 = 0000				get_key 		equ	0	;BIOS INT 16h service 0 (read next keyboard character)
 = 0071				quit			equ	'q'	;Exit by typing q
 = 004C				terminate		equ	4ch	;DOS INT 21h function 4ch (terminate with error code)
 = 000E				write_character 	equ	0eh	;Bios INT 10h service 0eh (write character in TTY mode)


				;************************
				;*     Stack Segment    *
				;************************
 0000				sseg	segment  stack
 0000  0064 [				db	100 dup	(?)		;100 bytes for stack
        00
       ]
 0064				sseg	ends


				;************************
				;*   Data Segment	*
				;************************
Microsoft (R) Macro Assembler Version 6.14.8444		    03/24/03 15:24:01
Menu							     Page 2 - 1


 0000				dseg	segment

 0000 54 68 69 73 20 69		welcome	db	'This is an example Menu Program '
       73 20 61 6E 20 65
       78 61 6D 70 6C 65
       20 4D 65 6E 75 20
       50 72 6F 67 72 61
       6D 20
 0020  0D 0A 0A 24			db	cr,lf,lf,'$'

 0024 50 6C 65 61 73 65		instruc db	'Please choose one of the following selections: '
       20 63 68 6F 6F 73
       65 20 6F 6E 65 20
       6F 66 20 74 68 65
       20 66 6F 6C 6C 6F
       77 69 6E 67 20 73
       65 6C 65 63 74 69
       6F 6E 73 3A 20
 0053  0D 0A				db	cr,lf
 0055  20 31 3A 20 20 52		db	' 1:  Run Program 1'
       75 6E 20 50 72 6F
       67 72 61 6D 20 31
 0067  0D 0A				db	cr,lf
 0069  20 32 3A 20 20 52		db	' 2:  Run Program 2'
       75 6E 20 50 72 6F
       67 72 61 6D 20 32
 007B  0D 0A				db	cr,lf
 007D  20 71 3A 20 20 51		db	' q:  Quit program'
       75 69 74 20 70 72
       6F 67 72 61 6D
 008E  0D 0A				db	cr,lf
 0090  0D 0A 0A 24			db	cr,lf,lf,'$'

 0094 59 6F 75 72 20 63		uchce	db	'Your choice: $'
       68 6F 69 63 65 3A
       20 24

 00A2 00			choice  db 	?	;This location stores the number selected

Microsoft (R) Macro Assembler Version 6.14.8444		    03/24/03 15:24:01
Menu							     Page 3 - 1


 00A3 59 6F 75 20 68 61		one_mes	db	'You have gotten to selection one Program '
       76 65 20 67 6F 74
       74 65 6E 20 74 6F
       20 73 65 6C 65 63
       74 69 6F 6E 20 6F
       6E 65 20 50 72 6F
       67 72 61 6D 20
 00CC  0D 0A 0A 24			db	cr,lf,lf,'$'

 00D0 59 6F 75 20 68 61		two_mes	db	'You have gotten to selection two Program '
       76 65 20 67 6F 74
       74 65 6E 20 74 6F
       20 73 65 6C 65 63
       74 69 6F 6E 20 74
       77 6F 20 50 72 6F
       67 72 61 6D 20
 00F9  0D 0A 0A 24			db	cr,lf,lf,'$'



 00FD				dseg	ends





				;************************
				;      Code Segment     *
				;************************
 0000				cseg	segment 'code'
				assume	cs:cseg, ss:sseg

 0000  B8 ---- R		start:	mov	ax,dseg 		;Load DS
 0003  8E D8				mov	ds,ax

				;Clear the screen
 0005  E8 0030				call clear_screen

				;Display Menu sign-on message
Microsoft (R) Macro Assembler Version 6.14.8444		    03/24/03 15:24:01
Menu							     Page 4 - 1


 0008  8D 16 0000 R			lea	dx,welcome		;Point DX at sign-on message
 000C  E8 0031				call	show			;Show the message

				;Display the program instructions
 000F  8D 16 0024 R			lea	dx,instruc		;Point DX at instructions
 0013  E8 002A				call	show			;Show the message

				;Get the user's choice
 0016  E8 002E				call get_choice

				;Determine what to do based on user's selection
 0019  A0 00A2 R			mov al, ds:[choice]
 001C  3C 31				cmp al, 31h			;test for choice 1
 001E  74 0A				jz one
 0020  3C 32				cmp al, 32h			;test for choice 2
 0022  74 0B				jz two
 0024  3C 71				cmp	al,quit 		;Quit?
 0026  74 0C				jz	dos			;Return to DOS
 0028  EB D6				jmp start			;Display menu options again

				;Execute choice one
 002A  E8 0039			one:	call select_one
 002D  EB D1				jmp start

				;Execute choice two
 002F  E8 003E			two:	call select_two
 0032  EB CC				jmp start

				;Come here to return to DOS
 0034  B4 4C			dos:	mov	ah,terminate		;DOS function: terminate
 0036  CD 21				int	21h






				;************************************
				;*     Procedure Clear Screen	    *
Microsoft (R) Macro Assembler Version 6.14.8444		    03/24/03 15:24:01
Menu							     Page 5 - 1


				;*				    *
				;* Function: Clears screen by 	    *
				;*	     setting video mode	    *
				;* Inputs:   none		    *
				;* Calls:    DOS INT 10 service 0,  *
				;	     video mode 2 (80x25)   *
				;* Modifys:  nothing		    *
				;				    *
				;************************************

 0038				clear_screen	proc

 0038  60				pusha				;Save all registers
									;Clear the screen by setting the video mode
 0039  B8 0002				mov	ax,video_mode		;BIOS service: set video mode
 003C  CD 10				int	10h
 003E  61				popa				;Restore registers
 003F  C3				ret

 0040				clear_screen	endp



				;************************************
				;*     Procedure Show		    *
				;*				    *
				;* Function: Display ASCII message  *
				;*	     terminated with $	    *
				;* Inputs:   DX points to message   *
				;* Calls:    DOS INT 21 service 09H *
				;* Modifys:  flags		    *
				;				    *
				;************************************

 0040				show	proc

 0040  60				pusha				;Save all registers
 0041  B4 09				mov	ah,display_message	;DOS function: string output
 0043  CD 21				int	21h
Microsoft (R) Macro Assembler Version 6.14.8444		    03/24/03 15:24:01
Menu							     Page 6 - 1


 0045  61				popa				;Restore registers
 0046  C3				ret

 0047				show	endp


				;************************************
				;*     Procedure get_choice	    *
				;*				    *
				;* Function: Gets Users choice	    *
				;*	     terminated with $	    *
				;* Inputs:   none		    *
				;* Calls:    DOS INT 16 	    *
				;* Modifys:  nothing		    *
				;				    *
				;************************************

 0047				get_choice	proc

 0047  60				pusha				;Save all registers
 0048  8D 16 0094 R			lea	dx,uchce		;Point to message to show users selection
 004C  E8 FFF1				call	show			;Show the message
 004F  B4 0E				mov ah, 0eh			;Display number user selected
 0051  CD 10				int 10h
 0053  B8 0E0D				mov ax, 0e0dh			;Send a CR to the screen 
 0056  CD 10				int 10h
 0058  B8 0E0A				mov ax, 0e0ah			;Send a LF to the screen 
 005B  CD 10				int 10h
 005D  B4 00				mov	ah,get_key		;DOS function: wait for next keypress
 005F  CD 16				int	16h			;Character to AL
 0061  A2 00A2 R			mov ds:[choice], al			;store number selected
 0064  61				popa				;Restore registers
 0065  C3				ret

 0066				get_choice	endp




Microsoft (R) Macro Assembler Version 6.14.8444		    03/24/03 15:24:01
Menu							     Page 7 - 1


				;************************************
				;*     Procedure select_one	    *
				;*				    *
				;* Function: excutes selection one  *
				;*	        		    *
				;* Inputs:   none		    *
				;* Calls:    			    *
				;	     			    *
				;* Modifys:  nothing		    *
				;				    *
				;************************************

 0066				select_one	proc

 0066  60				pusha				;Save all registers
									;Display slect_one message
 0067  8D 16 00A3 R			lea	dx,one_mes		;Point DX at sign-on message
 006B  E8 FFD2				call	show			;Show the message
 006E  61				popa				;Restore registers
 006F  C3				ret

 0070				select_one	endp



				;************************************
				;*     Procedure select_two	    *
				;*				    *
				;* Function: excutes selection one  *
				;*	        		    *
				;* Inputs:   none		    *
				;* Calls:    			    *
				;	     			    *
				;* Modifys:  nothing		    *
				;				    *
				;************************************

 0070				select_two	proc

Microsoft (R) Macro Assembler Version 6.14.8444		    03/24/03 15:24:01
Menu							     Page 8 - 1


 0070  60				pusha				;Save all registers
									;Display slect_two message
 0071  8D 16 00D0 R			lea	dx,two_mes		;Point DX at sign-on message
 0075  E8 FFC8				call	show			;Show the message
 0078  61				popa				;Restore registers
 0079  C3				ret

 007A				select_two	endp



 007A				cseg	ends
					end	start


Microsoft (R) Macro Assembler Version 6.14.8444		    03/24/03 15:24:01
Menu							     Symbols 9 - 1




Segments and Groups:

                N a m e                 Size     Length   Align   Combine Class

cseg . . . . . . . . . . . . . .	16 Bit	 007A	  Para	  Private 'CODE'	
dseg . . . . . . . . . . . . . .	16 Bit	 00FD	  Para	  Private 
sseg . . . . . . . . . . . . . .	16 Bit	 0064	  Para	  Stack	  
Microsoft (R) Macro Assembler Version 6.14.8444		    03/24/03 15:24:01
Menu							     Symbols 10 - 1




Procedures,  parameters and locals:

                N a m e                 Type     Value    Attr

clear_screen . . . . . . . . . .	P Near	 0038	  cseg	Length= 0008 Public
get_choice . . . . . . . . . . .	P Near	 0047	  cseg	Length= 001F Public
select_one . . . . . . . . . . .	P Near	 0066	  cseg	Length= 000A Public
select_two . . . . . . . . . . .	P Near	 0070	  cseg	Length= 000A Public
show . . . . . . . . . . . . . .	P Near	 0040	  cseg	Length= 0007 Public
Microsoft (R) Macro Assembler Version 6.14.8444		    03/24/03 15:24:01
Menu							     Symbols 11 - 1




Symbols:

                N a m e                 Type     Value    Attr

choice . . . . . . . . . . . . .	Byte	 00A2	  dseg	
cr . . . . . . . . . . . . . . .	Number	 000Dh	 
display_message  . . . . . . . .	Number	 0009h	 
dos  . . . . . . . . . . . . . .	L Near	 0034	  cseg	
get_key  . . . . . . . . . . . .	Number	 0000h	 
instruc  . . . . . . . . . . . .	Byte	 0024	  dseg	
lf . . . . . . . . . . . . . . .	Number	 000Ah	 
one_mes  . . . . . . . . . . . .	Byte	 00A3	  dseg	
one  . . . . . . . . . . . . . .	L Near	 002A	  cseg	
quit . . . . . . . . . . . . . .	Number	 0071h	 
start  . . . . . . . . . . . . .	L Near	 0000	  cseg	
terminate  . . . . . . . . . . .	Number	 004Ch	 
two_mes  . . . . . . . . . . . .	Byte	 00D0	  dseg	
two  . . . . . . . . . . . . . .	L Near	 002F	  cseg	
uchce  . . . . . . . . . . . . .	Byte	 0094	  dseg	
video_mode . . . . . . . . . . .	Number	 0002h	 
welcome  . . . . . . . . . . . .	Byte	 0000	  dseg	
write_character  . . . . . . . .	Number	 000Eh	 

	   0 Warnings
	   0 Errors
